// Jest Snapshot v1, https://goo.gl/fbAQLP

exports[`The Layout component renders correctly into the DOM 1`] = `
Array [
  <header>
    <a
      className="logo-container"
      href="/"
    >
      <img
        alt="logo"
        className="App-logo"
        src="mathLogo.gif"
      />
      <span
        className="logo-title"
      >
        Math Magicians
      </span>
    </a>
    <nav>
      <ul
        id="menu"
      >
        <li
          className="nav-item"
        >
          <a
            href="/"
          >
            Home
          </a>
        </li>
        <li
          className="nav-item"
        >
          <a
            href="/calculator"
          >
            Calculator
          </a>
        </li>
        <li
          className="nav-item"
        >
          <a
            href="/quote"
          >
            Quote
          </a>
        </li>
      </ul>
    </nav>
  </header>,
  <main>
    <header>
      <a
        className="logo-container"
        href="/"
      >
        <img
          alt="logo"
          className="App-logo"
          src="mathLogo.gif"
        />
        <span
          className="logo-title"
        >
          Math Magicians
        </span>
      </a>
      <nav>
        <ul
          id="menu"
        >
          <li
            className="nav-item"
          >
            <a
              href="/"
            >
              Home
            </a>
          </li>
          <li
            className="nav-item"
          >
            <a
              href="/calculator"
            >
              Calculator
            </a>
          </li>
          <li
            className="nav-item"
          >
            <a
              href="/quote"
            >
              Quote
            </a>
          </li>
        </ul>
      </nav>
    </header>
    <main>
      <section
        id="home"
      >
        <h1
          className="page-title"
        >
          Welcome to our page!
        </h1>
      </section>
    </main>
  </main>,
]
`;
