// Jest Snapshot v1, https://goo.gl/fbAQLP

exports[`The Navigation component renders correctly into the DOM 1`] = `
<nav>
  <ul
    id="menu"
  >
    <li
      className="nav-item"
    >
      <a
        aria-current="page"
        className="active"
        href="/"
        onClick={[Function]}
      >
        Home
      </a>
    </li>
    <li
      className="nav-item"
    >
      <a
        className={null}
        href="/calculator"
        onClick={[Function]}
      >
        Calculator
      </a>
    </li>
    <li
      className="nav-item"
    >
      <a
        className={null}
        href="/quote"
        onClick={[Function]}
      >
        Quote
      </a>
    </li>
  </ul>
</nav>
`;
